Archive member included to satisfy reference by file (symbol)

/usr/lib/gcc/arm-none-eabi/10.3.1/../../../arm-none-eabi/lib/thumb/v6-m/nofp/libc.a(lib_a-errno.o)
                              build/src/sysmem.o (__errno)
/usr/lib/gcc/arm-none-eabi/10.3.1/../../../arm-none-eabi/lib/thumb/v6-m/nofp/libc.a(lib_a-impure.o)
                              /usr/lib/gcc/arm-none-eabi/10.3.1/../../../arm-none-eabi/lib/thumb/v6-m/nofp/libc.a(lib_a-errno.o) (_impure_ptr)
/usr/lib/gcc/arm-none-eabi/10.3.1/../../../arm-none-eabi/lib/thumb/v6-m/nofp/libc.a(lib_a-memset.o)
                              build/src/main.o (memset)
/usr/lib/gcc/arm-none-eabi/10.3.1/../../../arm-none-eabi/lib/thumb/v6-m/nofp/libc.a(lib_a-sprintf.o)
                              build/src/main.o (sprintf)
/usr/lib/gcc/arm-none-eabi/10.3.1/../../../arm-none-eabi/lib/thumb/v6-m/nofp/libc.a(lib_a-strncat.o)
                              build/src/logger.o (strncat)
/usr/lib/gcc/arm-none-eabi/10.3.1/../../../arm-none-eabi/lib/thumb/v6-m/nofp/libc.a(lib_a-svfprintf.o)
                              /usr/lib/gcc/arm-none-eabi/10.3.1/../../../arm-none-eabi/lib/thumb/v6-m/nofp/libc.a(lib_a-sprintf.o) (_svfprintf_r)
/usr/lib/gcc/arm-none-eabi/10.3.1/../../../arm-none-eabi/lib/thumb/v6-m/nofp/libc.a(lib_a-dtoa.o)
                              /usr/lib/gcc/arm-none-eabi/10.3.1/../../../arm-none-eabi/lib/thumb/v6-m/nofp/libc.a(lib_a-svfprintf.o) (_dtoa_r)
/usr/lib/gcc/arm-none-eabi/10.3.1/../../../arm-none-eabi/lib/thumb/v6-m/nofp/libc.a(lib_a-localeconv.o)
                              /usr/lib/gcc/arm-none-eabi/10.3.1/../../../arm-none-eabi/lib/thumb/v6-m/nofp/libc.a(lib_a-svfprintf.o) (_localeconv_r)
/usr/lib/gcc/arm-none-eabi/10.3.1/../../../arm-none-eabi/lib/thumb/v6-m/nofp/libc.a(lib_a-mallocr.o)
                              /usr/lib/gcc/arm-none-eabi/10.3.1/../../../arm-none-eabi/lib/thumb/v6-m/nofp/libc.a(lib_a-svfprintf.o) (_malloc_r)
/usr/lib/gcc/arm-none-eabi/10.3.1/../../../arm-none-eabi/lib/thumb/v6-m/nofp/libc.a(lib_a-memchr-stub.o)
                              /usr/lib/gcc/arm-none-eabi/10.3.1/../../../arm-none-eabi/lib/thumb/v6-m/nofp/libc.a(lib_a-svfprintf.o) (memchr)
/usr/lib/gcc/arm-none-eabi/10.3.1/../../../arm-none-eabi/lib/thumb/v6-m/nofp/libc.a(lib_a-memcpy-stub.o)
                              /usr/lib/gcc/arm-none-eabi/10.3.1/../../../arm-none-eabi/lib/thumb/v6-m/nofp/libc.a(lib_a-dtoa.o) (memcpy)
/usr/lib/gcc/arm-none-eabi/10.3.1/../../../arm-none-eabi/lib/thumb/v6-m/nofp/libc.a(lib_a-mlock.o)
                              /usr/lib/gcc/arm-none-eabi/10.3.1/../../../arm-none-eabi/lib/thumb/v6-m/nofp/libc.a(lib_a-mallocr.o) (__malloc_lock)
/usr/lib/gcc/arm-none-eabi/10.3.1/../../../arm-none-eabi/lib/thumb/v6-m/nofp/libc.a(lib_a-mprec.o)
                              /usr/lib/gcc/arm-none-eabi/10.3.1/../../../arm-none-eabi/lib/thumb/v6-m/nofp/libc.a(lib_a-dtoa.o) (_Balloc)
/usr/lib/gcc/arm-none-eabi/10.3.1/../../../arm-none-eabi/lib/thumb/v6-m/nofp/libc.a(lib_a-sbrkr.o)
                              /usr/lib/gcc/arm-none-eabi/10.3.1/../../../arm-none-eabi/lib/thumb/v6-m/nofp/libc.a(lib_a-mallocr.o) (_sbrk_r)
/usr/lib/gcc/arm-none-eabi/10.3.1/../../../arm-none-eabi/lib/thumb/v6-m/nofp/libc.a(lib_a-strlen-stub.o)
                              /usr/lib/gcc/arm-none-eabi/10.3.1/../../../arm-none-eabi/lib/thumb/v6-m/nofp/libc.a(lib_a-svfprintf.o) (strlen)
/usr/lib/gcc/arm-none-eabi/10.3.1/../../../arm-none-eabi/lib/thumb/v6-m/nofp/libc.a(lib_a-svfiprintf.o)
                              /usr/lib/gcc/arm-none-eabi/10.3.1/../../../arm-none-eabi/lib/thumb/v6-m/nofp/libc.a(lib_a-svfprintf.o) (__ssprint_r)
/usr/lib/gcc/arm-none-eabi/10.3.1/../../../arm-none-eabi/lib/thumb/v6-m/nofp/libc.a(lib_a-assert.o)
                              /usr/lib/gcc/arm-none-eabi/10.3.1/../../../arm-none-eabi/lib/thumb/v6-m/nofp/libc.a(lib_a-dtoa.o) (__assert_func)
/usr/lib/gcc/arm-none-eabi/10.3.1/../../../arm-none-eabi/lib/thumb/v6-m/nofp/libc.a(lib_a-callocr.o)
                              /usr/lib/gcc/arm-none-eabi/10.3.1/../../../arm-none-eabi/lib/thumb/v6-m/nofp/libc.a(lib_a-mprec.o) (_calloc_r)
/usr/lib/gcc/arm-none-eabi/10.3.1/../../../arm-none-eabi/lib/thumb/v6-m/nofp/libc.a(lib_a-fiprintf.o)
                              /usr/lib/gcc/arm-none-eabi/10.3.1/../../../arm-none-eabi/lib/thumb/v6-m/nofp/libc.a(lib_a-assert.o) (fiprintf)
/usr/lib/gcc/arm-none-eabi/10.3.1/../../../arm-none-eabi/lib/thumb/v6-m/nofp/libc.a(lib_a-freer.o)
                              /usr/lib/gcc/arm-none-eabi/10.3.1/../../../arm-none-eabi/lib/thumb/v6-m/nofp/libc.a(lib_a-mallocr.o) (_free_r)
/usr/lib/gcc/arm-none-eabi/10.3.1/../../../arm-none-eabi/lib/thumb/v6-m/nofp/libc.a(lib_a-locale.o)
                              /usr/lib/gcc/arm-none-eabi/10.3.1/../../../arm-none-eabi/lib/thumb/v6-m/nofp/libc.a(lib_a-localeconv.o) (__global_locale)
/usr/lib/gcc/arm-none-eabi/10.3.1/../../../arm-none-eabi/lib/thumb/v6-m/nofp/libc.a(lib_a-mbtowc_r.o)
[...]
Memory Configuration

Name             Origin             Length             Attributes
RAM              0x0000000020000000 0x0000000000024000 xrw
FLASH            0x0000000008000000 0x0000000000080000 xr
*default*        0x0000000000000000 0xffffffffffffffff

Linker script and memory map

LOAD build/src/ring-buffer.o
LOAD build/src/gpio.o
LOAD build/src/dma.o
LOAD build/src/system.o
LOAD build/src/sysmem.o
LOAD build/src/syscalls.o
LOAD build/src/scb.o
LOAD build/src/usart.o
LOAD build/src/logger.o
LOAD build/src/stm32g0x1_startup.o
LOAD build/src/flash.o
LOAD build/src/main.o
                0x0000000020024000                _estack = (ORIGIN (RAM) + LENGTH (RAM))
                0x0000000000000200                _Min_Heap_Size = 0x200
                0x0000000000000400                _Min_Stack_Size = 0x400

.isr_vector     0x0000000008000000       0xc0
                0x0000000008000000                . = ALIGN (0x4)
 *(.isr_vector)
 .isr_vector    0x0000000008000000       0xc0 build/src/stm32g0x1_startup.o
                0x0000000008000000                vectors
                0x00000000080000c0                . = ALIGN (0x4)

.text           0x00000000080000c0     0x95c4
                0x00000000080000c0                . = ALIGN (0x4)
 *(.text)
 .text          0x00000000080000c0        0xc /usr/lib/gcc/arm-none-eabi/10.3.1/../../../arm-none-eabi/lib/thumb/v6-m/nofp/libc.a(lib_a-errno.o)
                0x00000000080000c0                __errno
 .text          0x00000000080000cc       0xa8 /usr/lib/gcc/arm-none-eabi/10.3.1/../../../arm-none-eabi/lib/thumb/v6-m/nofp/libc.a(lib_a-memset.o)
                0x00000000080000cc                memset
 .text          0x0000000008000174       0x78 /usr/lib/gcc/arm-none-eabi/10.3.1/../../../arm-none-eabi/lib/thumb/v6-m/nofp/libc.a(lib_a-sprintf.o)
                0x0000000008000174                _sprintf_r
                0x00000000080001ac                sprintf
 .text          0x00000000080001ec     0x15f0 /usr/lib/gcc/arm-none-eabi/10.3.1/../../../arm-none-eabi/lib/thumb/v6-m/nofp/libc.a(lib_a-svfprintf.o)
                0x00000000080001ec                _svfprintf_r
 .text          0x00000000080017dc     0x1104 /usr/lib/gcc/arm-none-eabi/10.3.1/../../../arm-none-eabi/lib/thumb/v6-m/nofp/libc.a(lib_a-dtoa.o)
                0x0000000008001924                _dtoa_r
 .text          0x00000000080028e0       0x14 /usr/lib/gcc/arm-none-eabi/10.3.1/../../../arm-none-eabi/lib/thumb/v6-m/nofp/libc.a(lib_a-localeconv.o)
                0x00000000080028e0                __localeconv_l
                0x00000000080028e4                _localeconv_r
                0x00000000080028ec                localeconv
 .text          0x00000000080028f4      0x574 /usr/lib/gcc/arm-none-eabi/10.3.1/../../../arm-none-eabi/lib/thumb/v6-m/nofp/libc.a(lib_a-mallocr.o)
                0x00000000080028f4                _malloc_r
 .text          0x0000000008002e68       0x74 /usr/lib/gcc/arm-none-eabi/10.3.1/../../../arm-none-eabi/lib/thumb/v6-m/nofp/libc.a(lib_a-memchr-stub.o)
                0x0000000008002e68                memchr
 .text          0x0000000008002edc       0xa4 /usr/lib/gcc/arm-none-eabi/10.3.1/../../../arm-none-eabi/lib/thumb/v6-m/nofp/libc.a(lib_a-memcpy-stub.o)
                0x0000000008002edc                memcpy
 .text          0x0000000008002f80        0x8 /usr/lib/gcc/arm-none-eabi/10.3.1/../../../arm-none-eabi/lib/thumb/v6-m/nofp/libc.a(lib_a-mlock.o)
                0x0000000008002f80                __malloc_lock
                0x0000000008002f84                __malloc_unlock
 .text          0x0000000008002f88      0xafc /usr/lib/gcc/arm-none-eabi/10.3.1/../../../arm-none-eabi/lib/thumb/v6-m/nofp/libc.a(lib_a-mprec.o)
                0x0000000008002f88                _Balloc
                0x0000000008002fd8                _Bfree
                0x0000000008002fec                __multadd
                0x0000000008003094                __s2b
                0x0000000008003144                __hi0bits
                0x000000000800317c                __lo0bits
                0x00000000080031d8                __i2b
                0x0000000008003238                __multiply
                0x00000000080033dc                __pow5mult
                0x00000000080034b4                __lshift
                0x00000000080035b0                __mcmp
                0x00000000080035e4                __mdiff
                0x0000000008003770                __ulp
                0x00000000080037b8                __b2d
                0x0000000008003880                __d2b
                0x0000000008003958                __ratio
                0x00000000080039c0                _mprec_log10
                0x00000000080039f4                __copybits
                0x0000000008003a34                __any_on
 .text          0x0000000008003a84       0x24 /usr/lib/gcc/arm-none-eabi/10.3.1/../../../arm-none-eabi/lib/thumb/v6-m/nofp/libc.a(lib_a-sbrkr.o)
                0x0000000008003a84                _sbrk_r
 .text          0x0000000008003aa8       0x5c /usr/lib/gcc/arm-none-eabi/10.3.1/../../../arm-none-eabi/lib/thumb/v6-m/nofp/libc.a(lib_a-strlen-stub.o)
                0x0000000008003aa8                strlen
 .text          0x0000000008003b04      0xbfc /usr/lib/gcc/arm-none-eabi/10.3.1/../../../arm-none-eabi/lib/thumb/v6-m/nofp/libc.a(lib_a-svfiprintf.o)
                0x0000000008003b04                __ssprint_r
                0x0000000008003c18                _svfiprintf_r
 .text          0x0000000008004700       0x4c /usr/lib/gcc/arm-none-eabi/10.3.1/../../../arm-none-eabi/lib/thumb/v6-m/nofp/libc.a(lib_a-assert.o)
                0x0000000008004700                __assert_func
                0x0000000008004740                __assert
 .text          0x000000000800474c       0x5c /usr/lib/gcc/arm-none-eabi/10.3.1/../../../arm-none-eabi/lib/thumb/v6-m/nofp/libc.a(lib_a-callocr.o)
                0x000000000800474c                _calloc_r
 .text          0x00000000080047a8       0x3c /usr/lib/gcc/arm-none-eabi/10.3.1/../../../arm-none-eabi/lib/thumb/v6-m/nofp/libc.a(lib_a-fiprintf.o)
                0x00000000080047a8                _fiprintf_r
                0x00000000080047c0                fiprintf
 .text          0x00000000080047e4      0x260 /usr/lib/gcc/arm-none-eabi/10.3.1/../../../arm-none-eabi/lib/thumb/v6-m/nofp/libc.a(lib_a-freer.o)
                0x00000000080047e4                _malloc_trim_r
                0x0000000008004880                _free_r
 .text          0x0000000008004a44       0x98 /usr/lib/gcc/arm-none-eabi/10.3.1/../../../arm-none-eabi/lib/thumb/v6-m/nofp/libc.a(lib_a-locale.o)
                0x0000000008004a44                _setlocale_r
                0x0000000008004a88                __locale_mb_cur_max
                0x0000000008004a98                setlocale
 .text          0x0000000008004adc       0x44 /usr/lib/gcc/arm-none-eabi/10.3.1/../../../arm-none-eabi/lib/thumb/v6-m/nofp/libc.a(lib_a-mbtowc_r.o)
                0x0000000008004adc                _mbtowc_r
                0x0000000008004af4                __ascii_mbtowc
 .text          0x0000000008004b20       0xac /usr/lib/gcc/arm-none-eabi/10.3.1/../../../arm-none-eabi/lib/thumb/v6-m/nofp/libc.a(lib_a-memmove.o)
                0x0000000008004b20                memmove
 .text          0x0000000008004bcc      0x354 /usr/lib/gcc/arm-none-eabi/10.3.1/../../../arm-none-eabi/lib/thumb/v6-m/nofp/libc.a(lib_a-reallocr.o)
                0x0000000008004bcc                _realloc_r
 .text          0x0000000008004f20       0x88 /usr/lib/gcc/arm-none-eabi/10.3.1/../../../arm-none-eabi/lib/thumb/v6-m/nofp/libc.a(lib_a-strcmp.o)
                0x0000000008004f20                strcmp
 .text          0x0000000008004fa8      0xdd8 /usr/lib/gcc/arm-none-eabi/10.3.1/../../../arm-none-eabi/lib/thumb/v6-m/nofp/libc.a(lib_a-vfiprintf.o)
                0x0000000008005030                __sprint_r
                0x0000000008005044                _vfiprintf_r
                0x0000000008005cf4                vfiprintf
 .text          0x0000000008005d80       0x2c /usr/lib/gcc/arm-none-eabi/10.3.1/../../../arm-none-eabi/lib/thumb/v6-m/nofp/libc.a(lib_a-wctomb_r.o)
                0x0000000008005d80                _wctomb_r
                0x0000000008005d90                __ascii_wctomb
 .text          0x0000000008005dac       0xdc /usr/lib/gcc/arm-none-eabi/10.3.1/../../../arm-none-eabi/lib/thumb/v6-m/nofp/libc.a(lib_a-wsetup.o)
                0x0000000008005dac                __swsetup_r
 .text          0x0000000008005e88       0x10 /usr/lib/gcc/arm-none-eabi/10.3.1/../../../arm-none-eabi/lib/thumb/v6-m/nofp/libc.a(lib_a-abort.o)
                0x0000000008005e88                abort
 .text          0x0000000008005e98      0x1c0 /usr/lib/gcc/arm-none-eabi/10.3.1/../../../arm-none-eabi/lib/thumb/v6-m/nofp/libc.a(lib_a-fflush.o)
                0x0000000008005e98                __sflush_r
                0x0000000008005fd8                _fflush_r
                0x0000000008006004                fflush
 .text          0x0000000008006058      0x248 /usr/lib/gcc/arm-none-eabi/10.3.1/../../../arm-none-eabi/lib/thumb/v6-m/nofp/libc.a(lib_a-findfp.o)
                0x000000000800605c                _cleanup_r
                0x0000000008006158                __sfmoreglue
                0x0000000008006188                __sfp
                0x0000000008006238                _cleanup
                0x0000000008006250                __sinit
                0x0000000008006260                __sfp_lock_acquire
                0x0000000008006264                __sfp_lock_release
                0x0000000008006268                __sinit_lock_acquire
                0x000000000800626c                __sinit_lock_release
                0x0000000008006270                __fp_lock_all
                0x0000000008006288                __fp_unlock_all
 .text          0x00000000080062a0       0xfc /usr/lib/gcc/arm-none-eabi/10.3.1/../../../arm-none-eabi/lib/thumb/v6-m/nofp/libc.a(lib_a-fputwc.o)
                0x00000000080062a0                __fputwc
                0x0000000008006338                _fputwc_r
                0x0000000008006358                fputwc
 .text          0x000000000800639c      0x2f4 /usr/lib/gcc/arm-none-eabi/10.3.1/../../../arm-none-eabi/lib/thumb/v6-m/nofp/libc.a(lib_a-fvwrite.o)
                0x000000000800639c                __sfvwrite_r
 .text          0x0000000008006690       0x88 /usr/lib/gcc/arm-none-eabi/10.3.1/../../../arm-none-eabi/lib/thumb/v6-m/nofp/libc.a(lib_a-fwalk.o)
                0x0000000008006690                _fwalk
                0x00000000080066d0                _fwalk_reent
 .text          0x0000000008006718      0x144 /usr/lib/gcc/arm-none-eabi/10.3.1/../../../arm-none-eabi/lib/thumb/v6-m/nofp/libc.a(lib_a-makebuf.o)
                0x0000000008006718                __smakebuf_r
                0x00000000080067fc                __swhatbuf_r
 .text          0x000000000800685c      0x2a0 /usr/lib/gcc/arm-none-eabi/10.3.1/../../../arm-none-eabi/lib/thumb/v6-m/nofp/libc.a(lib_a-signal.o)
                0x000000000800685c                _init_signal_r
                0x0000000008006890                _signal_r
                0x00000000080068e8                _raise_r
                0x0000000008006944                __sigtramp_r
                0x00000000080069a4                raise
                0x0000000008006a04                signal
                0x0000000008006a58                _init_signal
                0x0000000008006a94                __sigtramp
 .text          0x0000000008006afc       0x30 /usr/lib/gcc/arm-none-eabi/10.3.1/../../../arm-none-eabi/lib/thumb/v6-m/nofp/libc.a(lib_a-signalr.o)
                0x0000000008006afc                _kill_r
                0x0000000008006b24                _getpid_r
 .text          0x0000000008006b2c       0xa4 /usr/lib/gcc/arm-none-eabi/10.3.1/../../../arm-none-eabi/lib/thumb/v6-m/nofp/libc.a(lib_a-stdio.o)
                0x0000000008006b2c                __sread
                0x0000000008006b54                __seofread
                0x0000000008006b58                __swrite
                0x0000000008006b98                __sseek
                0x0000000008006bc4                __sclose
 .text          0x0000000008006bd0       0xe0 /usr/lib/gcc/arm-none-eabi/10.3.1/../../../arm-none-eabi/lib/thumb/v6-m/nofp/libc.a(lib_a-wbuf.o)
                0x0000000008006bd0                __swbuf_r
                0x0000000008006c98                __swbuf
 .text          0x0000000008006cb0       0x84 /usr/lib/gcc/arm-none-eabi/10.3.1/../../../arm-none-eabi/lib/thumb/v6-m/nofp/libc.a(lib_a-wcrtomb.o)
                0x0000000008006cb0                _wcrtomb_r
                0x0000000008006cf0                wcrtomb
 .text          0x0000000008006d34       0x28 /usr/lib/gcc/arm-none-eabi/10.3.1/../../../arm-none-eabi/lib/thumb/v6-m/nofp/libc.a(lib_a-writer.o)
                0x0000000008006d34                _write_r
 .text          0x0000000008006d5c       0x24 /usr/lib/gcc/arm-none-eabi/10.3.1/../../../arm-none-eabi/lib/thumb/v6-m/nofp/libc.a(lib_a-closer.o)
                0x0000000008006d5c                _close_r
 .text          0x0000000008006d80       0xe8 /usr/lib/gcc/arm-none-eabi/10.3.1/../../../arm-none-eabi/lib/thumb/v6-m/nofp/libc.a(lib_a-fclose.o)
                0x0000000008006df0                _fclose_r
                0x0000000008006e28                fclose
 .text          0x0000000008006e68       0x28 /usr/lib/gcc/arm-none-eabi/10.3.1/../../../arm-none-eabi/lib/thumb/v6-m/nofp/libc.a(lib_a-fstatr.o)
                0x0000000008006e68                _fstat_r
 .text          0x0000000008006e90       0x24 /usr/lib/gcc/arm-none-eabi/10.3.1/../../../arm-none-eabi/lib/thumb/v6-m/nofp/libc.a(lib_a-isattyr.o)
                0x0000000008006e90                _isatty_r
 .text          0x0000000008006eb4       0x28 /usr/lib/gcc/arm-none-eabi/10.3.1/../../../arm-none-eabi/lib/thumb/v6-m/nofp/libc.a(lib_a-lseekr.o)
                0x0000000008006eb4                _lseek_r
 .text          0x0000000008006edc       0x28 /usr/lib/gcc/arm-none-eabi/10.3.1/../../../arm-none-eabi/lib/thumb/v6-m/nofp/libc.a(lib_a-readr.o)
                0x0000000008006edc                _read_r
 .text          0x0000000008006f04      0x114 /usr/lib/gcc/arm-none-eabi/10.3.1/thumb/v6-m/nofp/libgcc.a(_udivsi3.o)
                0x0000000008006f04                __udivsi3
                0x0000000008006f04                __aeabi_uidiv
                0x0000000008007010                __aeabi_uidivmod
 .text          0x0000000008007018      0x1d4 /usr/lib/gcc/arm-none-eabi/10.3.1/thumb/v6-m/nofp/libgcc.a(_divsi3.o)
                0x0000000008007018                __aeabi_idiv
                0x0000000008007018                __divsi3
                0x00000000080071e4                __aeabi_idivmod
 .text          0x00000000080071ec        0x4 /usr/lib/gcc/arm-none-eabi/10.3.1/thumb/v6-m/nofp/libgcc.a(_dvmd_tls.o)
                0x00000000080071ec                __aeabi_ldiv0
                0x00000000080071ec                __aeabi_idiv0
 .text          0x00000000080071f0       0x7c /usr/lib/gcc/arm-none-eabi/10.3.1/thumb/v6-m/nofp/libgcc.a(_arm_cmpdf2.o)
                0x00000000080071f0                __aeabi_cdrcmple
                0x0000000008007200                __aeabi_cdcmple
                0x0000000008007200                __aeabi_cdcmpeq
                0x0000000008007210                __aeabi_dcmpeq
                0x000000000800721c                __aeabi_dcmplt
                0x0000000008007230                __aeabi_dcmple
                0x0000000008007244                __aeabi_dcmpgt
                0x0000000008007258                __aeabi_dcmpge
 .text          0x000000000800726c       0x40 /usr/lib/gcc/arm-none-eabi/10.3.1/thumb/v6-m/nofp/libgcc.a(_aeabi_uldivmod.o)
                0x000000000800726c                __aeabi_uldivmod
 .text          0x00000000080072ac      0x198 /usr/lib/gcc/arm-none-eabi/10.3.1/thumb/v6-m/nofp/libgcc.a(_udivmoddi4.o)
                0x00000000080072ac                __udivmoddi4
 .text          0x0000000008007444      0x678 /usr/lib/gcc/arm-none-eabi/10.3.1/thumb/v6-m/nofp/libgcc.a(adddf3.o)
                0x0000000008007444                __aeabi_dadd
 .text          0x0000000008007abc      0x5ec /usr/lib/gcc/arm-none-eabi/10.3.1/thumb/v6-m/nofp/libgcc.a(divdf3.o)
                0x0000000008007abc                __aeabi_ddiv
 .text          0x00000000080080a8       0x84 /usr/lib/gcc/arm-none-eabi/10.3.1/thumb/v6-m/nofp/libgcc.a(eqdf2.o)
                0x00000000080080a8                __eqdf2
                0x00000000080080a8                __nedf2
 .text          0x000000000800812c       0xcc /usr/lib/gcc/arm-none-eabi/10.3.1/thumb/v6-m/nofp/libgcc.a(gedf2.o)
                0x000000000800812c                __gtdf2
                0x000000000800812c                __gedf2
 .text          0x00000000080081f8       0xc8 /usr/lib/gcc/arm-none-eabi/10.3.1/thumb/v6-m/nofp/libgcc.a(ledf2.o)
                0x00000000080081f8                __ltdf2
                0x00000000080081f8                __ledf2
 .text          0x00000000080082c0      0x4d8 /usr/lib/gcc/arm-none-eabi/10.3.1/thumb/v6-m/nofp/libgcc.a(muldf3.o)
                0x00000000080082c0                __aeabi_dmul
 .text          0x0000000008008798      0x724 /usr/lib/gcc/arm-none-eabi/10.3.1/thumb/v6-m/nofp/libgcc.a(subdf3.o)
                0x0000000008008798                __aeabi_dsub
 .text          0x0000000008008ebc       0x3c /usr/lib/gcc/arm-none-eabi/10.3.1/thumb/v6-m/nofp/libgcc.a(unorddf2.o)
                0x0000000008008ebc                __aeabi_dcmpun
 .text          0x0000000008008ef8       0x6c /usr/lib/gcc/arm-none-eabi/10.3.1/thumb/v6-m/nofp/libgcc.a(fixdfsi.o)
                0x0000000008008ef8                __aeabi_d2iz
 .text          0x0000000008008f64       0x60 /usr/lib/gcc/arm-none-eabi/10.3.1/thumb/v6-m/nofp/libgcc.a(floatsidf.o)
                0x0000000008008f64                __aeabi_i2d
 .text          0x0000000008008fc4       0x4c /usr/lib/gcc/arm-none-eabi/10.3.1/thumb/v6-m/nofp/libgcc.a(floatunsidf.o)
                0x0000000008008fc4                __aeabi_ui2d
 .text          0x0000000008009010       0x3c /usr/lib/gcc/arm-none-eabi/10.3.1/thumb/v6-m/nofp/libgcc.a(_clzsi2.o)
                0x0000000008009010                __clzsi2
 .text          0x000000000800904c       0x18 /usr/lib/gcc/arm-none-eabi/10.3.1/thumb/v6-m/nofp/libgcc.a(_clzdi2.o)
                0x000000000800904c                __clzdi2
 *(.text*)
 .text.ring_buffer_setup
                0x0000000008009064        0xe build/src/ring-buffer.o
                0x0000000008009064                ring_buffer_setup
 .text.ring_buffer_is_empty
                0x0000000008009072       0x10 build/src/ring-buffer.o
                0x0000000008009072                ring_buffer_is_empty
 .text.ring_buffer_write
                0x0000000008009082       0x24 build/src/ring-buffer.o
                0x0000000008009082                ring_buffer_write
 .text.ring_buffer_read
                0x00000000080090a6       0x26 build/src/ring-buffer.o
                0x00000000080090a6                ring_buffer_read
 .text.gpio_init
                0x00000000080090cc       0xd0 build/src/gpio.o
                0x00000000080090cc                gpio_init
 .text.led_toggle_onButton
                0x000000000800919c       0x1c build/src/gpio.o
                0x000000000800919c                led_toggle_onButton
 .text.led_toggle
                0x00000000080091b8       0x28 build/src/gpio.o
                0x00000000080091b8                led_toggle
 .text.DMA1_Channel1_IRQHandler
                0x00000000080091e0       0x2c build/src/dma.o
                0x00000000080091e0                DMA1_Channel1_IRQHandler
 .text.SysTick_Handler
                0x000000000800920c       0x10 build/src/system.o
                0x000000000800920c                SysTick_Handler
 .text.delay    0x000000000800921c       0x18 build/src/system.o
                0x000000000800921c                delay
 .text.configure_systick
                0x0000000008009234       0x20 build/src/system.o
                0x0000000008009234                configure_systick
 .text.system_setup
                0x0000000008009254        0xc build/src/system.o
                0x0000000008009254                system_setup
 .text._sbrk    0x0000000008009260       0x40 build/src/sysmem.o
                0x0000000008009260                _sbrk
 .text._getpid  0x00000000080092a0        0x4 build/src/syscalls.o
                0x00000000080092a0                _getpid
 .text._kill    0x00000000080092a4       0x10 build/src/syscalls.o
                0x00000000080092a4                _kill
 .text._exit    0x00000000080092b4        0xc build/src/syscalls.o
                0x00000000080092b4                _exit
 .text._read    0x00000000080092c0       0x1a build/src/syscalls.o
                0x00000000080092c0                _read
 .text._write   0x00000000080092da       0x1a build/src/syscalls.o
                0x00000000080092da                _write
 .text._close   0x00000000080092f4        0x6 build/src/syscalls.o
                0x00000000080092f4                _close
 .text._fstat   0x00000000080092fa        0xa build/src/syscalls.o
                0x00000000080092fa                _fstat
 .text._isatty  0x0000000008009304        0x4 build/src/syscalls.o
                0x0000000008009304                _isatty
 .text._lseek   0x0000000008009308        0x4 build/src/syscalls.o
                0x0000000008009308                _lseek
 .text.usart2_it_config
                0x000000000800930c       0x20 build/src/usart.o
                0x000000000800930c                usart2_it_config
 .text.usart2_init
                0x000000000800932c       0x60 build/src/usart.o
                0x000000000800932c                usart2_init
 .text.usart2_write
                0x000000000800938c       0x1c build/src/usart.o
                0x000000000800938c                usart2_write
 .text.usart2_read
                0x00000000080093a8       0x1c build/src/usart.o
                0x00000000080093a8                usart2_read
 .text.USART2_LPUART2_IRQHandler
                0x00000000080093c4       0x28 build/src/usart.o
                0x00000000080093c4                USART2_LPUART2_IRQHandler
 .text.usart2_is_data_available
                0x00000000080093ec       0x14 build/src/usart.o
                0x00000000080093ec                usart2_is_data_available
 .text.logger_init
                0x0000000008009400       0x30 build/src/logger.o
                0x0000000008009400                logger_init
 .text.Default_Handler
                0x0000000008009430        0x2 build/src/stm32g0x1_startup.o
                0x0000000008009430                TIM1_CC_IRQHandler
                0x0000000008009430                HardFault_Handler
                0x0000000008009430                PVD_IRQHandler
                0x0000000008009430                PendSV_Handler
                0x0000000008009430                NMI_Handler
                0x0000000008009430                I2C1_IRQHandler
                0x0000000008009430                TIM7_LPTIM2_IRQHandler
                0x0000000008009430                DMA1_Channel4_5_6_7_DMAMUX_DMA2_Channel1_2_3_4_5_IRQHandler
                0x0000000008009430                TIM17_FDCAN_IT1_IRQHandler
                0x0000000008009430                RCC_CRS_IRQHandler
                0x0000000008009430                RTC_TAMP_IRQHandler
                0x0000000008009430                SPI1_IRQHandler
                0x0000000008009430                EXTI2_3_IRQHandler
                0x0000000008009430                EXTI4_15_IRQHandler
                0x0000000008009430                Default_Handler
                0x0000000008009430                CEC_IRQHandler
                0x0000000008009430                TIM14_IRQHandler
                0x0000000008009430                TIM15_IRQHandler
                0x0000000008009430                TIM3_TIM4_IRQHandler
                0x0000000008009430                EXTI0_1_IRQHandler
                0x0000000008009430                I2C2_I2C3_IRQHandler
                0x0000000008009430                SVC_Handler
                0x0000000008009430                AES_RNG_IRQHandler
                0x0000000008009430                USART3_USART4_USART5_USART6_LPUART1__IRQHandler
                0x0000000008009430                TIM6_DAC_LPTIM1_IRQHandler
                0x0000000008009430                WWDG_IRQHandler
                0x0000000008009430                SPI2_SPI3_IRQHandler
                0x0000000008009430                TIM2_IRQHandler
                0x0000000008009430                DMA1_Channel2_3_IRQHandler
                0x0000000008009430                ADC_COMP_IRQHandler
                0x0000000008009430                FLASH_IRQHandler
                0x0000000008009430                USART1_IRQHandler
                0x0000000008009430                TIM16_FDCAN_IT0_IRQHandler
                0x0000000008009430                TIM1_BRK_UP_TRG_COM_IRQHandler
                0x0000000008009430                UCPD1_UCPD2_USB_IRQHandler
 *fill*         0x0000000008009432        0x2 
 .text.Reset_Handler
                0x0000000008009434       0x48 build/src/stm32g0x1_startup.o
                0x0000000008009434                Reset_Handler
 .text.flash_unlock
                0x000000000800947c       0x34 build/src/flash.o
                0x000000000800947c                flash_unlock
 .text.flash_lock
                0x00000000080094b0       0x14 build/src/flash.o
                0x00000000080094b0                flash_lock
 .text.flash_program_double_word
                0x00000000080094c4       0x44 build/src/flash.o
                0x00000000080094c4                flash_program_double_word
 .text.flash_program
                0x0000000008009508       0x20 build/src/flash.o
                0x0000000008009508                flash_program
 .text.flash_write
                0x0000000008009528       0x1c build/src/flash.o
                0x0000000008009528                flash_write
 .text.flash_clear_status_flags
                0x0000000008009544       0x48 build/src/flash.o
                0x0000000008009544                flash_clear_status_flags
 .text.flash_erase_mass
                0x000000000800958c       0x54 build/src/flash.o
                0x000000000800958c                flash_erase_mass
 .text.flash_mass_erase
                0x00000000080095e0       0x10 build/src/flash.o
                0x00000000080095e0                flash_mass_erase
 .text.startup.main
                0x00000000080095f0       0x94 build/src/main.o
                0x00000000080095f0                main
 *(.glue_7)
 .glue_7        0x0000000008009684        0x0 linker stubs
 *(.glue_7t)
 .glue_7t       0x0000000008009684        0x0 linker stubs
 *(.eh_frame)
 *(.init)
 *(.fini)
                0x0000000008009684                . = ALIGN (0x4)
                0x0000000008009684                _etext = .

.vfp11_veneer   0x0000000008009684        0x0
 .vfp11_veneer  0x0000000008009684        0x0 linker stubs

.v4_bx          0x0000000008009684        0x0
 .v4_bx         0x0000000008009684        0x0 linker stubs

.iplt           0x0000000008009684        0x0
 .iplt          0x0000000008009684        0x0 build/src/gpio.o

.rodata         0x0000000008009688      0x89c
                0x0000000008009688                . = ALIGN (0x4)
 *(.rodata)
 .rodata        0x0000000008009688       0x26 build/src/main.o
 *fill*         0x00000000080096ae        0x2 
 .rodata        0x00000000080096b0        0x4 /usr/lib/gcc/arm-none-eabi/10.3.1/../../../arm-none-eabi/lib/thumb/v6-m/nofp/libc.a(lib_a-impure.o)
                0x00000000080096b0                _global_impure_ptr
 .rodata        0x00000000080096b4      0x184 /usr/lib/gcc/arm-none-eabi/10.3.1/../../../arm-none-eabi/lib/thumb/v6-m/nofp/libc.a(lib_a-svfprintf.o)
 .rodata        0x0000000008009838      0x128 /usr/lib/gcc/arm-none-eabi/10.3.1/../../../arm-none-eabi/lib/thumb/v6-m/nofp/libc.a(lib_a-mprec.o)
                0x0000000008009848                __mprec_tinytens
                0x0000000008009870                __mprec_bigtens
                0x0000000008009898                __mprec_tens
 .rodata        0x0000000008009960      0x184 /usr/lib/gcc/arm-none-eabi/10.3.1/../../../arm-none-eabi/lib/thumb/v6-m/nofp/libc.a(lib_a-svfiprintf.o)
 .rodata        0x0000000008009ae4      0x184 /usr/lib/gcc/arm-none-eabi/10.3.1/../../../arm-none-eabi/lib/thumb/v6-m/nofp/libc.a(lib_a-vfiprintf.o)
 .rodata        0x0000000008009c68      0x101 /usr/lib/gcc/arm-none-eabi/10.3.1/../../../arm-none-eabi/lib/thumb/v6-m/nofp/libc.a(lib_a-ctype_.o)
                0x0000000008009c68                _ctype_
 *fill*         0x0000000008009d69        0x3 
 .rodata        0x0000000008009d6c       0x40 /usr/lib/gcc/arm-none-eabi/10.3.1/thumb/v6-m/nofp/libgcc.a(divdf3.o)
 .rodata        0x0000000008009dac       0x40 /usr/lib/gcc/arm-none-eabi/10.3.1/thumb/v6-m/nofp/libgcc.a(muldf3.o)
 *(.rodata*)
 .rodata.logger_init.str1.1
                0x0000000008009dec       0x13 build/src/logger.o
 .rodata.main.str1.1
                0x0000000008009dff        0x4 build/src/main.o
 *fill*         0x0000000008009e03        0x1 
 .rodata.str1.4
                0x0000000008009e04       0x42 /usr/lib/gcc/arm-none-eabi/10.3.1/../../../arm-none-eabi/lib/thumb/v6-m/nofp/libc.a(lib_a-svfprintf.o)
 *fill*         0x0000000008009e46        0x2 
 .rodata.str1.4
                0x0000000008009e48       0x56 /usr/lib/gcc/arm-none-eabi/10.3.1/../../../arm-none-eabi/lib/thumb/v6-m/nofp/libc.a(lib_a-dtoa.o)
                                         0x5a (size before relaxing)
 *fill*         0x0000000008009e9e        0x2 
 .rodata.str1.4
                0x0000000008009ea0       0x33 /usr/lib/gcc/arm-none-eabi/10.3.1/../../../arm-none-eabi/lib/thumb/v6-m/nofp/libc.a(lib_a-mprec.o)
                                         0x47 (size before relaxing)
 .rodata.str1.4
                0x0000000008009ed3       0x2f /usr/lib/gcc/arm-none-eabi/10.3.1/../../../arm-none-eabi/lib/thumb/v6-m/nofp/libc.a(lib_a-svfiprintf.o)
 *fill*         0x0000000008009ed3        0x1 
 .rodata.str1.4
                0x0000000008009ed4       0x3f /usr/lib/gcc/arm-none-eabi/10.3.1/../../../arm-none-eabi/lib/thumb/v6-m/nofp/libc.a(lib_a-assert.o)
                                         0x43 (size before relaxing)
 *fill*         0x0000000008009f13        0x1 
 .rodata.str1.4
                0x0000000008009f14        0xe /usr/lib/gcc/arm-none-eabi/10.3.1/../../../arm-none-eabi/lib/thumb/v6-m/nofp/libc.a(lib_a-locale.o)
                                         0x12 (size before relaxing)
 .rodata.str1.4
                0x0000000008009f22       0x2f /usr/lib/gcc/arm-none-eabi/10.3.1/../../../arm-none-eabi/lib/thumb/v6-m/nofp/libc.a(lib_a-vfiprintf.o)
                0x0000000008009f54                . = ALIGN (0x4)
 *fill*         0x0000000008009f22        0x2 

.ARM.extab      0x0000000008009f24        0x0
                0x0000000008009f24                . = ALIGN (0x4)
 *(.ARM.extab* .gnu.linkonce.armextab.*)
                0x0000000008009f24                . = ALIGN (0x4)

.ARM            0x0000000008009f24        0x8
                0x0000000008009f24                . = ALIGN (0x4)
                0x0000000008009f24                __exidx_start = .
 *(.ARM.exidx*)
 .ARM.exidx     0x0000000008009f24        0x8 /usr/lib/gcc/arm-none-eabi/10.3.1/thumb/v6-m/nofp/libgcc.a(_udivmoddi4.o)
                0x0000000008009f2c                __exidx_end = .
                0x0000000008009f2c                . = ALIGN (0x4)

.rel.dyn        0x0000000008009f2c        0x0
 .rel.iplt      0x0000000008009f2c        0x0 build/src/gpio.o

.preinit_array  0x0000000008009f2c        0x0
                0x0000000008009f2c                . = ALIGN (0x4)
                [!provide]                        PROVIDE (__preinit_array_start = .)
 *(.preinit_array*)
                [!provide]                        PROVIDE (__preinit_array_end = .)
                0x0000000008009f2c                . = ALIGN (0x4)

.init_array     0x0000000008009f2c        0x0
                0x0000000008009f2c                . = ALIGN (0x4)
                [!provide]                        PROVIDE (__init_array_start = .)
 *(SORT_BY_NAME(.init_array.*))
 *(.init_array*)
                [!provide]                        PROVIDE (__init_array_end = .)
                0x0000000008009f2c                . = ALIGN (0x4)

.fini_array     0x0000000008009f2c        0x0
                0x0000000008009f2c                . = ALIGN (0x4)
                [!provide]                        PROVIDE (__fini_array_start = .)
 *(SORT_BY_NAME(.fini_array.*))
 *(.fini_array*)
                [!provide]                        PROVIDE (__fini_array_end = .)
                0x0000000008009f2c                . = ALIGN (0x4)
                0x0000000008009f2c                _sidata = LOADADDR (.data)

.data           0x0000000020000000      0x9ac load address 0x0000000008009f2c
                0x0000000020000000                . = ALIGN (0x4)
                0x0000000020000000                _sdata = .
 *(.data)
 .data          0x0000000020000000      0x430 /usr/lib/gcc/arm-none-eabi/10.3.1/../../../arm-none-eabi/lib/thumb/v6-m/nofp/libc.a(lib_a-impure.o)
                0x0000000020000000                _impure_ptr
 .data          0x0000000020000430      0x410 /usr/lib/gcc/arm-none-eabi/10.3.1/../../../arm-none-eabi/lib/thumb/v6-m/nofp/libc.a(lib_a-mallocr.o)
                0x0000000020000430                __malloc_sbrk_base
                0x0000000020000434                __malloc_trim_threshold
                0x0000000020000438                __malloc_av_
 .data          0x0000000020000840      0x16c /usr/lib/gcc/arm-none-eabi/10.3.1/../../../arm-none-eabi/lib/thumb/v6-m/nofp/libc.a(lib_a-locale.o)
                0x0000000020000840                __global_locale
 *(.data*)
 *(.RamFunc)
 *(.RamFunc*)
                0x00000000200009ac                . = ALIGN (0x4)
                0x00000000200009ac                _edata = .

.igot.plt       0x00000000200009ac        0x0 load address 0x000000000800a8d8
 .igot.plt      0x00000000200009ac        0x0 build/src/gpio.o
                0x00000000200009ac                . = ALIGN (0x4)

.bss            0x00000000200009ac       0xd0 load address 0x000000000800a8d8
                0x00000000200009ac                _sbss = .
                0x00000000200009ac                __bss_start__ = _sbss
 *(.bss)
 .bss           0x00000000200009ac       0x34 /usr/lib/gcc/arm-none-eabi/10.3.1/../../../arm-none-eabi/lib/thumb/v6-m/nofp/libc.a(lib_a-mallocr.o)
                0x00000000200009ac                __malloc_top_pad
                0x00000000200009b0                __malloc_current_mallinfo
                0x00000000200009d8                __malloc_max_sbrked_mem
                0x00000000200009dc                __malloc_max_total_mem
 .bss           0x00000000200009e0        0x4 /usr/lib/gcc/arm-none-eabi/10.3.1/../../../arm-none-eabi/lib/thumb/v6-m/nofp/libc.a(lib_a-reent.o)
                0x00000000200009e0                errno
 *(.bss*)
 .bss.msTicks   0x00000000200009e4        0x4 build/src/system.o
                0x00000000200009e4                msTicks
 .bss.__sbrk_heap_end
                0x00000000200009e8        0x4 build/src/sysmem.o
 .bss.data_buffer
                0x00000000200009ec       0x80 build/src/usart.o
                0x00000000200009ec                data_buffer
 .bss.rb        0x0000000020000a6c       0x10 build/src/usart.o
                0x0000000020000a6c                rb
 *(COMMON)
                0x0000000020000a7c                . = ALIGN (0x4)
                0x0000000020000a7c                _ebss = .
                0x0000000020000a7c                __bss_end__ = _ebss

._user_heap_stack
                0x0000000020000a7c      0x604 load address 0x000000000800a8d8
                0x0000000020000a80                . = ALIGN (0x8)
 *fill*         0x0000000020000a7c        0x4 
                [!provide]                        PROVIDE (end = .)
                0x0000000020000a80                PROVIDE (_end = .)
                0x0000000020000c80                . = (. + _Min_Heap_Size)
 *fill*         0x0000000020000a80      0x200 
                0x0000000020001080                . = (. + _Min_Stack_Size)
 *fill*         0x0000000020000c80      0x400 
                0x0000000020001080                . = ALIGN (0x8)

/DISCARD/
 libc.a(*)
 libm.a(*)
 libgcc.a(*)

.ARM.attributes
                0x0000000000000000       0x2a
 *(.ARM.attributes)
 .ARM.attributes
                0x0000000000000000       0x2c build/src/ring-buffer.o
 .ARM.attributes
                0x000000000000002c       0x2c build/src/gpio.o
 .ARM.attributes
                0x0000000000000058       0x2c build/src/dma.o
 .ARM.attributes
                0x0000000000000084       0x2c build/src/system.o
 .ARM.attributes
                0x00000000000000b0       0x2c build/src/sysmem.o
 .ARM.attributes
                0x00000000000000dc       0x2c build/src/syscalls.o
 .ARM.attributes
                0x0000000000000108       0x2c build/src/usart.o
 .ARM.attributes
                0x0000000000000134       0x2c build/src/logger.o
 .ARM.attributes
                0x0000000000000160       0x2c build/src/stm32g0x1_startup.o
 .ARM.attributes
                0x000000000000018c       0x2c build/src/flash.o
 .ARM.attributes
                0x00000000000001b8       0x2c build/src/main.o
OUTPUT(build/flash-usart.elf elf32-littlearm)
LOAD linker stubs
LOAD /usr/lib/gcc/arm-none-eabi/10.3.1/../../../arm-none-eabi/lib/thumb/v6-m/nofp/libc.a
LOAD /usr/lib/gcc/arm-none-eabi/10.3.1/../../../arm-none-eabi/lib/thumb/v6-m/nofp/libm.a
LOAD /usr/lib/gcc/arm-none-eabi/10.3.1/thumb/v6-m/nofp/libgcc.a

.comment        0x0000000000000000       0x33
 .comment       0x0000000000000000       0x33 build/src/ring-buffer.o
                                         0x34 (size before relaxing)
 .comment       0x0000000000000033       0x34 build/src/gpio.o
 .comment       0x0000000000000033       0x34 build/src/dma.o
 .comment       0x0000000000000033       0x34 build/src/system.o
 .comment       0x0000000000000033       0x34 build/src/sysmem.o
 .comment       0x0000000000000033       0x34 build/src/syscalls.o
 .comment       0x0000000000000033       0x34 build/src/usart.o
 .comment       0x0000000000000033       0x34 build/src/logger.o
 .comment       0x0000000000000033       0x34 build/src/stm32g0x1_startup.o
 .comment       0x0000000000000033       0x34 build/src/flash.o
 .comment       0x0000000000000033       0x34 build/src/main.o
